Regular files in directory 
/home/skalogerakis/TUC_Projects/TUC_Software_Development_Tools/MyDocs/COMP211coursedoc_2/scripts/arithmetics
/home/skalogerakis/TUC_Projects/TUC_Software_Development_Tools/MyDocs/COMP211coursedoc_2/scripts/arithmeticTests
/home/skalogerakis/TUC_Projects/TUC_Software_Development_Tools/MyDocs/COMP211coursedoc_2/scripts/breakCont
/home/skalogerakis/TUC_Projects/TUC_Software_Development_Tools/MyDocs/COMP211coursedoc_2/scripts/commands
/home/skalogerakis/TUC_Projects/TUC_Software_Development_Tools/MyDocs/COMP211coursedoc_2/scripts/countword
/home/skalogerakis/TUC_Projects/TUC_Software_Development_Tools/MyDocs/COMP211coursedoc_2/scripts/dirSize
/home/skalogerakis/TUC_Projects/TUC_Software_Development_Tools/MyDocs/COMP211coursedoc_2/scripts/exitStatus
/home/skalogerakis/TUC_Projects/TUC_Software_Development_Tools/MyDocs/COMP211coursedoc_2/scripts/factorial
/home/skalogerakis/TUC_Projects/TUC_Software_Development_Tools/MyDocs/COMP211coursedoc_2/scripts/files.lst
/home/skalogerakis/TUC_Projects/TUC_Software_Development_Tools/MyDocs/COMP211coursedoc_2/scripts/fileTests
/home/skalogerakis/TUC_Projects/TUC_Software_Development_Tools/MyDocs/COMP211coursedoc_2/scripts/forLoops
/home/skalogerakis/TUC_Projects/TUC_Software_Development_Tools/MyDocs/COMP211coursedoc_2/scripts/forLoops2
/home/skalogerakis/TUC_Projects/TUC_Software_Development_Tools/MyDocs/COMP211coursedoc_2/scripts/integerTests
/home/skalogerakis/TUC_Projects/TUC_Software_Development_Tools/MyDocs/COMP211coursedoc_2/scripts/listAndCopy
/home/skalogerakis/TUC_Projects/TUC_Software_Development_Tools/MyDocs/COMP211coursedoc_2/scripts/listRegFiles
/home/skalogerakis/TUC_Projects/TUC_Software_Development_Tools/MyDocs/COMP211coursedoc_2/scripts/math
/home/skalogerakis/TUC_Projects/TUC_Software_Development_Tools/MyDocs/COMP211coursedoc_2/scripts/mybc
/home/skalogerakis/TUC_Projects/TUC_Software_Development_Tools/MyDocs/COMP211coursedoc_2/scripts/myexpr
/home/skalogerakis/TUC_Projects/TUC_Software_Development_Tools/MyDocs/COMP211coursedoc_2/scripts/parameters
/home/skalogerakis/TUC_Projects/TUC_Software_Development_Tools/MyDocs/COMP211coursedoc_2/scripts/printContents
/home/skalogerakis/TUC_Projects/TUC_Software_Development_Tools/MyDocs/COMP211coursedoc_2/scripts/printContents2
/home/skalogerakis/TUC_Projects/TUC_Software_Development_Tools/MyDocs/COMP211coursedoc_2/scripts/revstrs
/home/skalogerakis/TUC_Projects/TUC_Software_Development_Tools/MyDocs/COMP211coursedoc_2/scripts/setProg
/home/skalogerakis/TUC_Projects/TUC_Software_Development_Tools/MyDocs/COMP211coursedoc_2/scripts/shiftCommand
/home/skalogerakis/TUC_Projects/TUC_Software_Development_Tools/MyDocs/COMP211coursedoc_2/scripts/testf.txt
/home/skalogerakis/TUC_Projects/TUC_Software_Development_Tools/MyDocs/COMP211coursedoc_2/scripts/variables
/home/skalogerakis/TUC_Projects/TUC_Software_Development_Tools/MyDocs/COMP211coursedoc_2/scripts/whileLoops
